com\sbd\billingcore\util\HeaderColumnNameAndOrderMappingStrategy.class
com\sbd\billingcore\repository\CallHistoriesCdrRepository.class
com\sbd\billingcore\process\ReBillingProcess.class
com\sbd\billingcore\util\Constants$re_billing_session_status.class
com\sbd\billingcore\repository\ReBillingSessionRepository.class
com\sbd\billingcore\util\Constants.class
com\sbd\billingcore\repository\PrefixLocationRepository.class
com\sbd\billingcore\repository\PrefixRepository.class
com\sbd\billingcore\config\ReadDbPropertiesPostProcessor.class
com\sbd\billingcore\dto\UserGroupCostDTO.class
com\sbd\billingcore\entity\CallHistoriesCdr.class
com\sbd\billingcore\repository\CdrFileRepository.class
com\sbd\billingcore\repository\CallHistoriesRepository.class
com\sbd\billingcore\entity\GatewayOperator.class
com\sbd\billingcore\config\AsyncConfiguration.class
com\sbd\billingcore\entity\CallHistories.class
com\sbd\billingcore\util\Queue.class
com\sbd\billingcore\config\PropertyLoader.class
com\sbd\billingcore\dto\ProvinceLocalCodeDTO.class
com\sbd\billingcore\BillingCoreApplication.class
com\sbd\billingcore\repository\GatewayOperatorRepository.class
com\sbd\billingcore\entity\Prefix.class
com\sbd\billingcore\entity\CdrFile.class
com\sbd\billingcore\entity\AbstractAuditingEntity.class
com\sbd\billingcore\entity\Groups.class
com\sbd\billingcore\util\MessageQueue.class
com\sbd\billingcore\entity\PrefixLocation.class
com\sbd\billingcore\entity\MProvince.class
com\sbd\billingcore\repository\GroupRepository.class
com\sbd\billingcore\repository\PriceConfigRepository.class
com\sbd\billingcore\entity\Price.class
com\sbd\billingcore\entity\Users.class
com\sbd\billingcore\service\MailService$1.class
com\sbd\billingcore\util\Constants$called_type.class
com\sbd\billingcore\entity\User.class
com\sbd\billingcore\service\MailService.class
com\sbd\billingcore\entity\Authority.class
com\sbd\billingcore\entity\ConfigProvinceCode.class
com\sbd\billingcore\repository\ConfigProvinceCodeRepository.class
com\sbd\billingcore\StartupApplication.class
com\sbd\billingcore\repository\PriceRepository.class
com\sbd\billingcore\entity\BaseDTO.class
com\sbd\billingcore\dto\UsersDetailDTO.class
com\sbd\billingcore\dto\PriceDTO.class
com\sbd\billingcore\process\ThreadWorker.class
com\sbd\billingcore\process\ReadFileInput.class
com\sbd\billingcore\repository\ConfigRepository.class
com\sbd\billingcore\entity\PriceConfig.class
com\sbd\billingcore\repository\UsersRepository.class
com\sbd\billingcore\entity\ReBillingSession.class
com\sbd\billingcore\util\Constants$direction_call_type.class
com\sbd\billingcore\config\MailConfig.class
com\sbd\billingcore\entity\Config.class
com\sbd\billingcore\dto\UsersDTO.class
