D:\Project\SeABank\DOCS\V1.0\billing_seabank\billing_core_v2\src\main\java\com\sbd\billingcore\entity\ReBillingSession.java
D:\Project\SeABank\DOCS\V1.0\billing_seabank\billing_core_v2\src\main\java\com\sbd\billingcore\process\ThreadWorker.java
D:\Project\SeABank\DOCS\V1.0\billing_seabank\billing_core_v2\src\main\java\com\sbd\billingcore\dto\ProvinceLocalCodeDTO.java
D:\Project\SeABank\DOCS\V1.0\billing_seabank\billing_core_v2\src\main\java\com\sbd\billingcore\process\ReBillingProcess.java
D:\Project\SeABank\DOCS\V1.0\billing_seabank\billing_core_v2\src\main\java\com\sbd\billingcore\entity\PriceConfig.java
D:\Project\SeABank\DOCS\V1.0\billing_seabank\billing_core_v2\src\main\java\com\sbd\billingcore\entity\CallHistoriesCdr.java
D:\Project\SeABank\DOCS\V1.0\billing_seabank\billing_core_v2\src\main\java\com\sbd\billingcore\util\Constants.java
D:\Project\SeABank\DOCS\V1.0\billing_seabank\billing_core_v2\src\main\java\com\sbd\billingcore\entity\GatewayOperator.java
D:\Project\SeABank\DOCS\V1.0\billing_seabank\billing_core_v2\src\main\java\com\sbd\billingcore\entity\Prefix.java
D:\Project\SeABank\DOCS\V1.0\billing_seabank\billing_core_v2\src\main\java\com\sbd\billingcore\entity\Users.java
D:\Project\SeABank\DOCS\V1.0\billing_seabank\billing_core_v2\src\main\java\com\sbd\billingcore\entity\User.java
D:\Project\SeABank\DOCS\V1.0\billing_seabank\billing_core_v2\src\main\java\com\sbd\billingcore\entity\Groups.java
D:\Project\SeABank\DOCS\V1.0\billing_seabank\billing_core_v2\src\main\java\com\sbd\billingcore\repository\GatewayOperatorRepository.java
D:\Project\SeABank\DOCS\V1.0\billing_seabank\billing_core_v2\src\main\java\com\sbd\billingcore\dto\UsersDetailDTO.java
D:\Project\SeABank\DOCS\V1.0\billing_seabank\billing_core_v2\src\main\java\com\sbd\billingcore\config\PropertyLoader.java
D:\Project\SeABank\DOCS\V1.0\billing_seabank\billing_core_v2\src\main\java\com\sbd\billingcore\process\ReadFileInput.java
D:\Project\SeABank\DOCS\V1.0\billing_seabank\billing_core_v2\src\main\java\com\sbd\billingcore\config\ReadDbPropertiesPostProcessor.java
D:\Project\SeABank\DOCS\V1.0\billing_seabank\billing_core_v2\src\main\java\com\sbd\billingcore\entity\CallHistories.java
D:\Project\SeABank\DOCS\V1.0\billing_seabank\billing_core_v2\src\main\java\com\sbd\billingcore\entity\Authority.java
D:\Project\SeABank\DOCS\V1.0\billing_seabank\billing_core_v2\src\main\java\com\sbd\billingcore\entity\CdrFile.java
D:\Project\SeABank\DOCS\V1.0\billing_seabank\billing_core_v2\src\main\java\com\sbd\billingcore\repository\ConfigProvinceCodeRepository.java
D:\Project\SeABank\DOCS\V1.0\billing_seabank\billing_core_v2\src\main\java\com\sbd\billingcore\dto\PriceDTO.java
D:\Project\SeABank\DOCS\V1.0\billing_seabank\billing_core_v2\src\main\java\com\sbd\billingcore\dto\UsersDTO.java
D:\Project\SeABank\DOCS\V1.0\billing_seabank\billing_core_v2\src\main\java\com\sbd\billingcore\entity\AbstractAuditingEntity.java
D:\Project\SeABank\DOCS\V1.0\billing_seabank\billing_core_v2\src\main\java\com\sbd\billingcore\repository\PriceRepository.java
D:\Project\SeABank\DOCS\V1.0\billing_seabank\billing_core_v2\src\main\java\com\sbd\billingcore\repository\PrefixRepository.java
D:\Project\SeABank\DOCS\V1.0\billing_seabank\billing_core_v2\src\main\java\com\sbd\billingcore\repository\CallHistoriesRepository.java
D:\Project\SeABank\DOCS\V1.0\billing_seabank\billing_core_v2\src\main\java\com\sbd\billingcore\repository\PrefixLocationRepository.java
D:\Project\SeABank\DOCS\V1.0\billing_seabank\billing_core_v2\src\main\java\com\sbd\billingcore\entity\PrefixLocation.java
D:\Project\SeABank\DOCS\V1.0\billing_seabank\billing_core_v2\src\main\java\com\sbd\billingcore\entity\Price.java
D:\Project\SeABank\DOCS\V1.0\billing_seabank\billing_core_v2\src\main\java\com\sbd\billingcore\repository\UsersRepository.java
D:\Project\SeABank\DOCS\V1.0\billing_seabank\billing_core_v2\src\main\java\com\sbd\billingcore\service\MailService.java
D:\Project\SeABank\DOCS\V1.0\billing_seabank\billing_core_v2\src\main\java\com\sbd\billingcore\util\HeaderColumnNameAndOrderMappingStrategy.java
D:\Project\SeABank\DOCS\V1.0\billing_seabank\billing_core_v2\src\main\java\com\sbd\billingcore\config\AsyncConfiguration.java
D:\Project\SeABank\DOCS\V1.0\billing_seabank\billing_core_v2\src\main\java\com\sbd\billingcore\entity\Config.java
D:\Project\SeABank\DOCS\V1.0\billing_seabank\billing_core_v2\src\main\java\com\sbd\billingcore\StartupApplication.java
D:\Project\SeABank\DOCS\V1.0\billing_seabank\billing_core_v2\src\main\java\com\sbd\billingcore\repository\ReBillingSessionRepository.java
D:\Project\SeABank\DOCS\V1.0\billing_seabank\billing_core_v2\src\main\java\com\sbd\billingcore\repository\CdrFileRepository.java
D:\Project\SeABank\DOCS\V1.0\billing_seabank\billing_core_v2\src\main\java\com\sbd\billingcore\entity\BaseDTO.java
D:\Project\SeABank\DOCS\V1.0\billing_seabank\billing_core_v2\src\main\java\com\sbd\billingcore\repository\PriceConfigRepository.java
D:\Project\SeABank\DOCS\V1.0\billing_seabank\billing_core_v2\src\main\java\com\sbd\billingcore\util\MessageQueue.java
D:\Project\SeABank\DOCS\V1.0\billing_seabank\billing_core_v2\src\main\java\com\sbd\billingcore\entity\ConfigProvinceCode.java
D:\Project\SeABank\DOCS\V1.0\billing_seabank\billing_core_v2\src\main\java\com\sbd\billingcore\repository\GroupRepository.java
D:\Project\SeABank\DOCS\V1.0\billing_seabank\billing_core_v2\src\main\java\com\sbd\billingcore\repository\ConfigRepository.java
D:\Project\SeABank\DOCS\V1.0\billing_seabank\billing_core_v2\src\main\java\com\sbd\billingcore\entity\MProvince.java
D:\Project\SeABank\DOCS\V1.0\billing_seabank\billing_core_v2\src\main\java\com\sbd\billingcore\repository\CallHistoriesCdrRepository.java
D:\Project\SeABank\DOCS\V1.0\billing_seabank\billing_core_v2\src\main\java\com\sbd\billingcore\BillingCoreApplication.java
D:\Project\SeABank\DOCS\V1.0\billing_seabank\billing_core_v2\src\main\java\com\sbd\billingcore\dto\UserGroupCostDTO.java
D:\Project\SeABank\DOCS\V1.0\billing_seabank\billing_core_v2\src\main\java\com\sbd\billingcore\util\Queue.java
D:\Project\SeABank\DOCS\V1.0\billing_seabank\billing_core_v2\src\main\java\com\sbd\billingcore\config\MailConfig.java
